"","S5","S2","S4","S1","S3"
"OTU1",8,9,3,15,4
"OTU2",44,15,40,75,87
"OTU3",15,99,2,45,12
"OTU4",14,0,19,0,49
